================================================================================
Testing CCSDTQ & CCDTQ Tenpi Solvers
================================================================================

1. Reading interaction from p.snt

2. Generating m-scheme basis
   Total m-scheme states: 12

3. Decoupling interaction to m-scheme
Decoupling 34 TBMEs to sparse M-scheme...

4. Running Hartree-Fock (Z=4, N=4)
[[1. 0. 0. 0. 0. 0. 0. 0. 0. 0. 0. 0.]
 [0. 1. 0. 0. 0. 0. 0. 0. 0. 0. 0. 0.]
 [0. 0. 1. 0. 0. 0. 0. 0. 0. 0. 0. 0.]
 [0. 0. 0. 1. 0. 0. 0. 0. 0. 0. 0. 0.]
 [0. 0. 0. 0. 0. 0. 0. 0. 0. 0. 0. 0.]
 [0. 0. 0. 0. 0. 0. 0. 0. 0. 0. 0. 0.]
 [0. 0. 0. 0. 0. 0. 1. 0. 0. 0. 0. 0.]
 [0. 0. 0. 0. 0. 0. 0. 1. 0. 0. 0. 0.]
 [0. 0. 0. 0. 0. 0. 0. 0. 1. 0. 0. 0.]
 [0. 0. 0. 0. 0. 0. 0. 0. 0. 1. 0. 0.]
 [0. 0. 0. 0. 0. 0. 0. 0. 0. 0. 0. 0.]
 [0. 0. 0. 0. 0. 0. 0. 0. 0. 0. 0. 0.]]
Iter |    Total Energy |      Delta E
--------------------------------------
   E1B: 27.48510551, E2B: -97.83495932
   0 |    -70.34985381 |   7.0350e+01
   E1B: 13.25445116, E2B: -101.71972828
   1 |    -88.46527711 |   1.8115e+01
   E1B: 21.13770200, E2B: -103.35414812
   2 |    -82.21644612 |   6.2488e+00
   E1B: 18.59200037, E2B: -108.70014124
   3 |    -90.10814088 |   7.8917e+00
   E1B: 19.42522224, E2B: -108.06337104
   4 |    -88.63814880 |   1.4700e+00
   E1B: 19.16509637, E2B: -108.37464759
   5 |    -89.20955122 |   5.7140e-01
   E1B: 19.24726504, E2B: -108.28803590
   6 |    -89.04077086 |   1.6878e-01
   E1B: 19.22141411, E2B: -108.31643223
   7 |    -89.09501812 |   5.4247e-02
   E1B: 19.22955710, E2B: -108.30760173
   8 |    -89.07804462 |   1.6974e-02
   E1B: 19.22699309, E2B: -108.31039354
   9 |    -89.08340046 |   5.3558e-03
   E1B: 19.22780053, E2B: -108.30951549
  10 |    -89.08171496 |   1.6855e-03
   E1B: 19.22754626, E2B: -108.30979210
  11 |    -89.08224583 |   5.3088e-04
   E1B: 19.22762633, E2B: -108.30970500
  12 |    -89.08207867 |   1.6716e-04
   E1B: 19.22760112, E2B: -108.30973243
  13 |    -89.08213131 |   5.2642e-05
   E1B: 19.22760906, E2B: -108.30972379
  14 |    -89.08211473 |   1.6577e-05
   E1B: 19.22760656, E2B: -108.30972651
  15 |    -89.08211995 |   5.2202e-06
   E1B: 19.22760735, E2B: -108.30972566
  16 |    -89.08211831 |   1.6438e-06
   E1B: 19.22760710, E2B: -108.30972593
  17 |    -89.08211883 |   5.1765e-07
   E1B: 19.22760718, E2B: -108.30972584
  18 |    -89.08211866 |   1.6301e-07
   E1B: 19.22760715, E2B: -108.30972587
  19 |    -89.08211872 |   5.1333e-08
   E1B: 19.22760716, E2B: -108.30972586
  20 |    -89.08211870 |   1.6165e-08
   E1B: 19.22760716, E2B: -108.30972586
  21 |    -89.08211871 |   5.0904e-09
Converged!
   HF Energy: -89.082119 MeV

5. Performing normal ordering
Transforming 2-body interaction to HF basis (N^5 optimized)...
   NormalOrderedHamiltonian(E0=-89.082119, f_shape=(12, 12), Gamma_shape=(12, 12, 12, 12))

6. Running CCSD (for initial guess)
--------------------------------------------------------------------------------
CCSD Solver (tenpi): nocc=8, nvir=4
DIIS settings: size=6, start=3, damping=0.0

Iter          E_corr      Delta_E     |R1|_rms     |R2|_rms
-----------------------------------------------------------------
    Running code generated by tenpi.   
   0     -1.28480459   1.2848e+00   5.7727e-03   2.4012e-01
    Running code generated by tenpi.   
   1     -2.16649942   8.8169e-01   1.8894e-02   1.6488e-01
    Running code generated by tenpi.   
   2     -2.76268556   5.9619e-01   1.9242e-03   1.0720e-01
    Running code generated by tenpi.   
   3     -3.14669537   3.8401e-01   6.4641e-03   6.6453e-02
    Running code generated by tenpi.   
   4     -3.38562116   2.3893e-01   2.9914e-04   4.0091e-02
    Running code generated by tenpi.   
   5     -3.74698930   3.6137e-01   5.6122e-03   2.4094e-03
    Running code generated by tenpi.   
   6     -3.73811562   8.8737e-03   8.1475e-05   7.3921e-04
    Running code generated by tenpi.   
   7     -3.72861097   9.5047e-03   2.4109e-05   4.2393e-04
    Running code generated by tenpi.   
   8     -3.73274736   4.1364e-03   3.0753e-05   7.3932e-05
    Running code generated by tenpi.   
   9     -3.73227674   4.7062e-04   3.9820e-06   1.7139e-05
    Running code generated by tenpi.   
  10     -3.73213432   1.4242e-04   6.7516e-07   2.2570e-07
    Running code generated by tenpi.   
  11     -3.73213528   9.5604e-07   4.2678e-08   1.8984e-08

Converged!
   CCSD Correlation: -3.732135 MeV
   Total CCSD Energy: -92.814254 MeV

7. Running CCSDT (for better initial guess)
--------------------------------------------------------------------------------
CCSDT Solver (tenpi): nocc=8, nvir=4
DIIS settings: size=4, start=3, damping=0.0
WARNING: T3 is expensive! Size: [4x4x4x8x8x8] = 32768 elements

Debug - Block shapes:
  F blocks: [(8, 8), (4, 8), (8, 4), (4, 4)]
  V blocks: [(8, 8, 8, 8), (4, 8, 8, 8), (4, 4, 8, 8), (8, 8, 8, 4), (4, 8, 8, 4), (4, 4, 8, 4), (8, 8, 4, 4), (4, 8, 4, 4), (4, 4, 4, 4)]
  Expected V[6] (OOVV): [8, 8, 4, 4] = [8, 8, 4, 4]
  Actual V[6] shape: (8, 8, 4, 4)
  T1 shape: (4, 8) (expected: [4, 8] = [4, 8])
  T2 shape: (4, 4, 8, 8) (expected: [4, 4, 8, 8] = [4, 4, 8, 8])
  T3 shape: (4, 4, 4, 8, 8, 8) (expected: [4, 4, 4, 8, 8, 8] = [4, 4, 4, 8, 8, 8])

Iter          E_corr      Delta_E     |R1|_rms     |R2|_rms     |R3|_rms
---------------------------------------------------------------------------
    Running code generated by tenpi.   
   0     -3.73213528   3.7321e+00   4.2678e-08   1.8984e-08   7.6637e-02
    Running code generated by tenpi.   
   1     -3.73213528   5.2756e-09   4.5103e-03   2.6202e-02   3.1510e-02
    Running code generated by tenpi.   
   2     -3.74105619   8.9209e-03   5.7667e-03   1.4413e-02   1.8314e-02
    Running code generated by tenpi.   
   3     -3.76138623   2.0330e-02   5.7585e-04   1.0561e-02   1.0929e-02
    Running code generated by tenpi.   
   4     -3.78016720   1.8781e-02   2.2587e-03   6.9995e-03   6.9054e-03
    Running code generated by tenpi.   
   5     -3.82165318   4.1486e-02   5.0339e-03   1.8704e-03   2.4131e-04
    Running code generated by tenpi.   
   6     -3.82638517   4.7320e-03   2.4371e-03   9.1746e-04   2.1072e-04
    Running code generated by tenpi.   
   7     -3.83145144   5.0663e-03   3.4373e-05   2.0930e-04   4.3278e-05
    Running code generated by tenpi.   
   8     -3.83265722   1.2058e-03   3.7381e-05   7.5097e-05   1.6811e-05
    Running code generated by tenpi.   
   9     -3.83325224   5.9502e-04   2.2709e-05   4.1181e-05   2.2951e-06

Warning: Maximum iterations reached without convergence!
   CCSDT Correlation: -3.833252 MeV
   Total CCSDT Energy: -92.915371 MeV

8. Running CCDTQ (tenpi solver)
================================================================================
CCDTQ Solver (tenpi): nocc=8, nvir=4
DIIS settings: size=3, start=2, damping=0.0

Iter          E_corr      Delta_E     |R2|_rms     |R3|_rms     |R4|_rms
--------------------------------------------------------------------------------
Debug V Shapes:
  V[0]: (8, 8, 8, 8)
  V[1]: (4, 8, 8, 8)
  V[2]: (4, 4, 8, 8)
  V[3]: (8, 8, 8, 4)
  V[4]: (4, 8, 8, 4)
  V[5]: (4, 4, 8, 4)
  V[6]: (8, 8, 4, 4)
  V[7]: (4, 8, 4, 4)
  V[8]: (4, 4, 4, 4)
Debug T Shapes:
  T2: (4, 4, 8, 8)
  T3: (4, 4, 4, 8, 8, 8)
  T4: (4, 4, 4, 4, 8, 8, 8, 8)
  Iteration 0: Computing residuals...
    Running code generated by tenpi.   
   0     -3.73215960   3.7322e+00   5.3137e-02   1.3425e-02   6.9742e-02
    Updating T4...
  Iteration 1: Computing residuals...
    Running code generated by tenpi.   
   1     -3.74205907   9.8995e-03   2.7186e-02   1.9434e-02   5.7658e-02
    Updating T4...
  Iteration 2: Computing residuals...
    Running code generated by tenpi.   
   2     -3.83879565   9.6737e-02   3.0070e-02   2.4059e-02   5.3928e-02
    Updating T4...
  Iteration 3: Computing residuals...
    Running code generated by tenpi.   
   3     -3.94194409   1.0315e-01   3.2327e-02   2.7512e-02   5.1237e-02
    Updating T4...
    Applying DIIS...
  Iteration 4: Computing residuals...
    Running code generated by tenpi.   
   4     -5.97926509   2.0373e+00   2.4438e-02   3.5921e-02   4.2780e-02
    Updating T4...
    Applying DIIS...
  Iteration 5: Computing residuals...
    Running code generated by tenpi.   
   5     -4.90546704   1.0738e+00   2.6108e-02   1.7939e-02   3.1108e-02
    Updating T4...
    Applying DIIS...
  Iteration 6: Computing residuals...
    Running code generated by tenpi.   
   6     -6.09697077   1.1915e+00   1.1658e-02   1.5414e-02   2.7027e-02
    Updating T4...
    Applying DIIS...
  Iteration 7: Computing residuals...
    Running code generated by tenpi.   
   7     -5.61391134   4.8306e-01   6.9726e-03   3.3309e-02   9.0273e-03
    Updating T4...
    Applying DIIS...
  Iteration 8: Computing residuals...
    Running code generated by tenpi.   
   8     -5.55396504   5.9946e-02   8.7047e-03   2.4316e-02   7.4224e-03
    Updating T4...
    Applying DIIS...
  Iteration 9: Computing residuals...
    Running code generated by tenpi.   
   9     -5.62983077   7.5866e-02   6.4017e-03   4.2553e-02   3.9223e-03
    Updating T4...
    Applying DIIS...
   CCDTQ Correlation: -5.629831 MeV
   Total CCDTQ Energy: -94.711949 MeV

9. Running CCSDTQ (tenpi solver) - THIS WILL BE SLOW!
================================================================================
CCSDTQ Solver (tenpi): nocc=8, nvir=4
DIIS settings: size=3, start=2, damping=0.0
⚠️  MEMORY WARNING:
  T3 size: [4x4x4x8x8x8] = 32,768 elements
  T4 size: [4x4x4x4x8x8x8x8] = 1,048,576 elements
  T4 memory: ~8.0 MB
  Initializing T4 to zeros (this may take a moment)...
  T4 initialized.

Iter          E_corr      Delta_E     |R1|_rms     |R2|_rms     |R3|_rms     |R4|_rms
-----------------------------------------------------------------------------------------------
Debug T Shapes:
  T1: (4, 8)
  T2: (4, 4, 8, 8)
  T3: (4, 4, 4, 8, 8, 8)
  T4: (4, 4, 4, 4, 8, 8, 8, 8)
  Iteration 0: Computing residuals (this is VERY slow)...
    Running code generated by tenpi.   
   0     -3.73213528   3.7321e+00   6.9018e-03   5.5282e-02   1.3402e-02   7.0246e-02
    Updating T3...
    Updating T4 (this takes time)...
  Iteration 1: Computing residuals (this is VERY slow)...
    Running code generated by tenpi.   
   1     -3.74338490   1.1250e-02   1.0402e-02   2.7849e-02   2.0302e-02   5.8013e-02
    Updating T3...
    Updating T4 (this takes time)...
  Iteration 2: Computing residuals (this is VERY slow)...
    Running code generated by tenpi.   
   2     -3.84351383   1.0013e-01   8.4999e-03   3.1477e-02   2.4731e-02   5.4526e-02
    Updating T3...
    Updating T4 (this takes time)...
  Iteration 3: Computing residuals (this is VERY slow)...
    Running code generated by tenpi.   
   3     -3.95000111   1.0649e-01   9.0503e-03   3.2860e-02   2.8198e-02   5.1844e-02
    Updating T3...
    Updating T4 (this takes time)...
    Applying DIIS...
  Iteration 4: Computing residuals (this is VERY slow)...
    Running code generated by tenpi.   
   4     -6.05416236   2.1042e+00   2.3085e-01   7.3005e-02   4.0064e-02   3.5864e-02
    Updating T3...
    Updating T4 (this takes time)...
    Applying DIIS...
  Iteration 5: Computing residuals (this is VERY slow)...
    Running code generated by tenpi.   
   5     -5.10740051   9.4676e-01   1.7471e-01   3.6645e-02   1.7792e-02   2.2887e-02
    Updating T3...
    Updating T4 (this takes time)...
    Applying DIIS...
  Iteration 6: Computing residuals (this is VERY slow)...
    Running code generated by tenpi.   
   6     -6.03075584   9.2336e-01   2.3511e-01   5.2291e-02   1.6942e-02   8.0881e-03
    Updating T3...
    Updating T4 (this takes time)...
    Applying DIIS...
  Iteration 7: Computing residuals (this is VERY slow)...
    Running code generated by tenpi.   
   7     -5.88806616   1.4269e-01   1.4065e-01   3.4336e-02   3.8205e-02   1.1612e-02
    Updating T3...
    Updating T4 (this takes time)...
    Applying DIIS...
  Iteration 8: Computing residuals (this is VERY slow)...
    Running code generated by tenpi.   
   8     -5.81660404   7.1462e-02   1.0175e-01   2.3919e-02   3.2693e-02   9.1959e-03
    Updating T3...
    Updating T4 (this takes time)...
    Applying DIIS...
  Iteration 9: Computing residuals (this is VERY slow)...
    Running code generated by tenpi.   
   9     -5.89573051   7.9126e-02   1.8116e-01   4.2069e-02   2.3473e-02   1.6163e-02
    Updating T3...
    Updating T4 (this takes time)...
    Applying DIIS...

Warning: Maximum iterations reached without convergence!
================================================================================

Results Summary:
  HF Energy:            -89.082119 MeV
  CCSD Correlation:     -3.732135 MeV
  CCSDT Correlation:    -3.833252 MeV
  CCDTQ Correlation:    -5.629831 MeV
  CCSDTQ Correlation:   -5.895731 MeV
  Total CCSDTQ Energy:  -94.977849 MeV

Higher-order corrections:
  (T) correction:       -0.101117 MeV (2.64%)
  (Q) correction (CCDTQ): -1.796579 MeV
  (Q) correction (CCSDTQ): -2.062478 MeV (34.98%)

Amplitude Statistics:
  Max |t1|:             0.027002
  Max |t2|:             0.374469
  Max |t3|:             0.193817
  Max |t4|:             0.391817
  RMS |t4|:             0.020427
  Non-zero T4 (>1e-8): 25,536 / 1,048,576

================================================================================
Test completed successfully!
================================================================================
